Main1.hx:7: characters 8-31 : Constraint check failure for Contain.T
Main1.hx:7: characters 8-31 : Main should be String