Main.hx:4: characters 3-54 : Array<String> should be { pop : Void -> Void }
Main.hx:4: characters 3-54 : Field pop is method but should be (get,never)