Main.hx:11: characters 9-30 : SomeNode should be Node
Main.hx:11: characters 9-30 : SomeNode should be { parent : Node }
Main.hx:11: characters 9-30 : Invalid type for field parent :
Main.hx:11: characters 9-30 : SomeNode should be Node
Main.hx:11: characters 9-30 : SomeNode should be { parent : Node }