Main1.hx:3: characters 19-33 : { b : Int, a : Int } has extra field b
Main1.hx:3: characters 3-33 : { b : Int, a : Int } should be { a : Int }
Main1.hx:3: characters 3-33 : { b : Int, a : Int } has extra field b